[dotenv@17.3.1] injecting env (0) from .env.local -- tip: ÔÜÖ´©Å  enable debug logging with { debug: true }
[dotenv@17.3.1] injecting env (7) from .env -- tip: ÔÜÖ´©Å  write to custom object with { processEnv: myObject }

>>> [ENRICHER] Starting enrichment from Supabase storage PDFs.
    Limit: 1 | Concurrency: 3

>>> [ENRICHER] Listing PDFs in bucket 'tender-documents'...
>>> [ENRICHER] Found 308 PDFs in storage.

>>> [ENRICHER] Found 1 tenders to enrich from storage PDFs.

>>> [ENRICHER] Batch 1 / 1...
    ÔåÆ GEM/2026/B/7132774
>>> [AI] Calling Gemini (Model: gemini-2.0-flash)...
    Ô£ô GEM/2026/B/7132774

>>> [ENRICHER] Run complete.
    Ô£ô Enriched: 1
    Ô£ù Failed:   0
    Remaining:  Run again to process the next batch.

